// Jest Snapshot v1, https://goo.gl/fbAQLP

exports[`createResponseDebugInterceptor error logs a 400 error if in debug mode 1`] = `[OpenApiClientError: 400 Bad Request <PUT http://api.com/endpoint> id (isInt) id must be an integer number | name (isString) name must be a string]`;

exports[`createResponseDebugInterceptor error logs a 500 error 1`] = `[OpenApiClientError: 500 Internal Server Error <GET http://api.com/endpoint>]`;

exports[`createResponseDebugInterceptor error logs an error when the API response data is "" 1`] = `[OpenApiClientError: 500 Bad thing <POST http://api.com/endpoint>]`;

exports[`createResponseDebugInterceptor error logs an error when the API response data is "{}" 1`] = `[OpenApiClientError: 500 Bad thing <POST http://api.com/endpoint>]`;

exports[`createResponseDebugInterceptor error logs an error when the API response data is "undefined" 1`] = `[OpenApiClientError: 500 Bad thing <POST http://api.com/endpoint>]`;

exports[`createResponseDebugInterceptor error logs an error when the response body does not exist 1`] = `[OpenApiClientError: 500 Bad thing <GET http://api.com/endpoint>]`;
